[2m5:52:45 PM[22m [31m[1m[vite][22m[39m [31mInternal server error: Failed to resolve import "./pages/Account" from "src/App.jsx". Does the file exist?[39m
  Plugin: [35mvite:import-analysis[39m
  File: [36mC:/Users/usl20/Downloads/inventroity/src/App.jsx[39m:23:20
[33m  10 |  import Gate from "./components/Gate";
  11 |  import Warehouse from "./pages/Warehouse";
  12 |  import Account from "./pages/Account";
     |                       ^
  13 |  var _jsxFileName = "C:/Users/usl20/Downloads/inventroity/src/App.jsx";
  14 |  import { jsxDEV as _jsxDEV, Fragment as _Fragment } from "react/jsx-dev-runtime";[39m
      at TransformPluginContext._formatLog (file:///C:/Users/usl20/Downloads/inventroity/node_modules/vite/dist/node/chunks/node.js:31066:39)
      at TransformPluginContext.error (file:///C:/Users/usl20/Downloads/inventroity/node_modules/vite/dist/node/chunks/node.js:31063:14)
      at normalizeUrl (file:///C:/Users/usl20/Downloads/inventroity/node_modules/vite/dist/node/chunks/node.js:28008:18)
      at async file:///C:/Users/usl20/Downloads/inventroity/node_modules/vite/dist/node/chunks/node.js:28076:30
      at async Promise.all (index 11)
      at async TransformPluginContext.transform (file:///C:/Users/usl20/Downloads/inventroity/node_modules/vite/dist/node/chunks/node.js:28044:4)
      at async EnvironmentPluginContainer.transform (file:///C:/Users/usl20/Downloads/inventroity/node_modules/vite/dist/node/chunks/node.js:30851:14)
      at async loadAndTransform (file:///C:/Users/usl20/Downloads/inventroity/node_modules/vite/dist/node/chunks/node.js:20619:26)
[2m5:52:45 PM[22m [31m[1m[vite][22m[39m [31m[2m(client)[22m[39m Pre-transform error: Failed to resolve import "./pages/Account" from "src/App.jsx". Does the file exist?
  Plugin: [35mvite:import-analysis[39m
  File: [36mC:/Users/usl20/Downloads/inventroity/src/App.jsx[39m:23:20
[33m  10 |  import Gate from "./components/Gate";
  11 |  import Warehouse from "./pages/Warehouse";
  12 |  import Account from "./pages/Account";
     |                       ^
  13 |  var _jsxFileName = "C:/Users/usl20/Downloads/inventroity/src/App.jsx";
  14 |  import { jsxDEV as _jsxDEV, Fragment as _Fragment } from "react/jsx-dev-runtime";[39m
[2m5:52:45 PM[22m [31m[1m[vite][22m[39m [31mInternal server error: Failed to resolve import "./pages/Account" from "src/App.jsx". Does the file exist?[39m
  Plugin: [35mvite:import-analysis[39m
  File: [36mC:/Users/usl20/Downloads/inventroity/src/App.jsx[39m:23:20
[33m  10 |  import Gate from "./components/Gate";
  11 |  import Warehouse from "./pages/Warehouse";
  12 |  import Account from "./pages/Account";
     |                       ^
  13 |  var _jsxFileName = "C:/Users/usl20/Downloads/inventroity/src/App.jsx";
  14 |  import { jsxDEV as _jsxDEV, Fragment as _Fragment } from "react/jsx-dev-runtime";[39m
      at TransformPluginContext._formatLog (file:///C:/Users/usl20/Downloads/inventroity/node_modules/vite/dist/node/chunks/node.js:31066:39)
      at TransformPluginContext.error (file:///C:/Users/usl20/Downloads/inventroity/node_modules/vite/dist/node/chunks/node.js:31063:14)
      at normalizeUrl (file:///C:/Users/usl20/Downloads/inventroity/node_modules/vite/dist/node/chunks/node.js:28008:18)
      at async file:///C:/Users/usl20/Downloads/inventroity/node_modules/vite/dist/node/chunks/node.js:28076:30
      at async Promise.all (index 11)
      at async TransformPluginContext.transform (file:///C:/Users/usl20/Downloads/inventroity/node_modules/vite/dist/node/chunks/node.js:28044:4)
      at async EnvironmentPluginContainer.transform (file:///C:/Users/usl20/Downloads/inventroity/node_modules/vite/dist/node/chunks/node.js:30851:14)
      at async loadAndTransform (file:///C:/Users/usl20/Downloads/inventroity/node_modules/vite/dist/node/chunks/node.js:20619:26)
